Archive member included to satisfy reference by file (symbol)

/opt/st/stm32cubeide_1.6.1/plugins/com.st.stm32cube.ide.mcu.externaltools.gnu-tools-for-stm32.9-2020-q2-update.linux64_1.5.0.202011040924/tools/bin/../lib/gcc/arm-none-eabi/9.3.1/../../../../arm-none-eabi/lib/thumb/v7e-m+fp/hard/libc_nano.a(lib_a-errno.o)
                              Src/syscalls.o (__errno)
/opt/st/stm32cubeide_1.6.1/plugins/com.st.stm32cube.ide.mcu.externaltools.gnu-tools-for-stm32.9-2020-q2-update.linux64_1.5.0.202011040924/tools/bin/../lib/gcc/arm-none-eabi/9.3.1/../../../../arm-none-eabi/lib/thumb/v7e-m+fp/hard/libc_nano.a(lib_a-exit.o)
                              /opt/st/stm32cubeide_1.6.1/plugins/com.st.stm32cube.ide.mcu.externaltools.gnu-tools-for-stm32.9-2020-q2-update.linux64_1.5.0.202011040924/tools/bin/../lib/gcc/arm-none-eabi/9.3.1/../../../../arm-none-eabi/lib/thumb/v7e-m+fp/hard/crt0.o (exit)
/opt/st/stm32cubeide_1.6.1/plugins/com.st.stm32cube.ide.mcu.externaltools.gnu-tools-for-stm32.9-2020-q2-update.linux64_1.5.0.202011040924/tools/bin/../lib/gcc/arm-none-eabi/9.3.1/../../../../arm-none-eabi/lib/thumb/v7e-m+fp/hard/libc_nano.a(lib_a-impure.o)
                              /opt/st/stm32cubeide_1.6.1/plugins/com.st.stm32cube.ide.mcu.externaltools.gnu-tools-for-stm32.9-2020-q2-update.linux64_1.5.0.202011040924/tools/bin/../lib/gcc/arm-none-eabi/9.3.1/../../../../arm-none-eabi/lib/thumb/v7e-m+fp/hard/libc_nano.a(lib_a-exit.o) (_global_impure_ptr)
/opt/st/stm32cubeide_1.6.1/plugins/com.st.stm32cube.ide.mcu.externaltools.gnu-tools-for-stm32.9-2020-q2-update.linux64_1.5.0.202011040924/tools/bin/../lib/gcc/arm-none-eabi/9.3.1/../../../../arm-none-eabi/lib/thumb/v7e-m+fp/hard/libc_nano.a(lib_a-init.o)
                              /opt/st/stm32cubeide_1.6.1/plugins/com.st.stm32cube.ide.mcu.externaltools.gnu-tools-for-stm32.9-2020-q2-update.linux64_1.5.0.202011040924/tools/bin/../lib/gcc/arm-none-eabi/9.3.1/../../../../arm-none-eabi/lib/thumb/v7e-m+fp/hard/crt0.o (__libc_init_array)
/opt/st/stm32cubeide_1.6.1/plugins/com.st.stm32cube.ide.mcu.externaltools.gnu-tools-for-stm32.9-2020-q2-update.linux64_1.5.0.202011040924/tools/bin/../lib/gcc/arm-none-eabi/9.3.1/../../../../arm-none-eabi/lib/thumb/v7e-m+fp/hard/libc_nano.a(lib_a-memset.o)
                              /opt/st/stm32cubeide_1.6.1/plugins/com.st.stm32cube.ide.mcu.externaltools.gnu-tools-for-stm32.9-2020-q2-update.linux64_1.5.0.202011040924/tools/bin/../lib/gcc/arm-none-eabi/9.3.1/../../../../arm-none-eabi/lib/thumb/v7e-m+fp/hard/crt0.o (memset)
/opt/st/stm32cubeide_1.6.1/plugins/com.st.stm32cube.ide.mcu.externaltools.gnu-tools-for-stm32.9-2020-q2-update.linux64_1.5.0.202011040924/tools/bin/../lib/gcc/arm-none-eabi/9.3.1/../../../../arm-none-eabi/lib/thumb/v7e-m+fp/hard/libc_nano.a(lib_a-strlen.o)
                              Src/SPI_SendData.o (strlen)

Discarded input sections

 .text          0x0000000000000000        0x0 /opt/st/stm32cubeide_1.6.1/plugins/com.st.stm32cube.ide.mcu.externaltools.gnu-tools-for-stm32.9-2020-q2-update.linux64_1.5.0.202011040924/tools/bin/../lib/gcc/arm-none-eabi/9.3.1/thumb/v7e-m+fp/hard/crti.o
 .data          0x0000000000000000        0x0 /opt/st/stm32cubeide_1.6.1/plugins/com.st.stm32cube.ide.mcu.externaltools.gnu-tools-for-stm32.9-2020-q2-update.linux64_1.5.0.202011040924/tools/bin/../lib/gcc/arm-none-eabi/9.3.1/thumb/v7e-m+fp/hard/crti.o
 .bss           0x0000000000000000        0x0 /opt/st/stm32cubeide_1.6.1/plugins/com.st.stm32cube.ide.mcu.externaltools.gnu-tools-for-stm32.9-2020-q2-update.linux64_1.5.0.202011040924/tools/bin/../lib/gcc/arm-none-eabi/9.3.1/thumb/v7e-m+fp/hard/crti.o
 .data          0x0000000000000000        0x4 /opt/st/stm32cubeide_1.6.1/plugins/com.st.stm32cube.ide.mcu.externaltools.gnu-tools-for-stm32.9-2020-q2-update.linux64_1.5.0.202011040924/tools/bin/../lib/gcc/arm-none-eabi/9.3.1/thumb/v7e-m+fp/hard/crtbegin.o
 .text          0x0000000000000000       0x7c /opt/st/stm32cubeide_1.6.1/plugins/com.st.stm32cube.ide.mcu.externaltools.gnu-tools-for-stm32.9-2020-q2-update.linux64_1.5.0.202011040924/tools/bin/../lib/gcc/arm-none-eabi/9.3.1/../../../../arm-none-eabi/lib/thumb/v7e-m+fp/hard/crt0.o
 .data          0x0000000000000000        0x0 /opt/st/stm32cubeide_1.6.1/plugins/com.st.stm32cube.ide.mcu.externaltools.gnu-tools-for-stm32.9-2020-q2-update.linux64_1.5.0.202011040924/tools/bin/../lib/gcc/arm-none-eabi/9.3.1/../../../../arm-none-eabi/lib/thumb/v7e-m+fp/hard/crt0.o
 .bss           0x0000000000000000        0x0 /opt/st/stm32cubeide_1.6.1/plugins/com.st.stm32cube.ide.mcu.externaltools.gnu-tools-for-stm32.9-2020-q2-update.linux64_1.5.0.202011040924/tools/bin/../lib/gcc/arm-none-eabi/9.3.1/../../../../arm-none-eabi/lib/thumb/v7e-m+fp/hard/crt0.o
 .ARM.extab     0x0000000000000000        0x0 /opt/st/stm32cubeide_1.6.1/plugins/com.st.stm32cube.ide.mcu.externaltools.gnu-tools-for-stm32.9-2020-q2-update.linux64_1.5.0.202011040924/tools/bin/../lib/gcc/arm-none-eabi/9.3.1/../../../../arm-none-eabi/lib/thumb/v7e-m+fp/hard/crt0.o
 .ARM.exidx     0x0000000000000000       0x10 /opt/st/stm32cubeide_1.6.1/plugins/com.st.stm32cube.ide.mcu.externaltools.gnu-tools-for-stm32.9-2020-q2-update.linux64_1.5.0.202011040924/tools/bin/../lib/gcc/arm-none-eabi/9.3.1/../../../../arm-none-eabi/lib/thumb/v7e-m+fp/hard/crt0.o
 .ARM.attributes
                0x0000000000000000       0x1c /opt/st/stm32cubeide_1.6.1/plugins/com.st.stm32cube.ide.mcu.externaltools.gnu-tools-for-stm32.9-2020-q2-update.linux64_1.5.0.202011040924/tools/bin/../lib/gcc/arm-none-eabi/9.3.1/../../../../arm-none-eabi/lib/thumb/v7e-m+fp/hard/crt0.o
 .group         0x0000000000000000        0xc Drivers/Src/stm32f407vg_gpio_driver.o
 .group         0x0000000000000000        0xc Drivers/Src/stm32f407vg_gpio_driver.o
 .group         0x0000000000000000        0xc Drivers/Src/stm32f407vg_gpio_driver.o
 .group         0x0000000000000000        0xc Drivers/Src/stm32f407vg_gpio_driver.o
 .group         0x0000000000000000        0xc Drivers/Src/stm32f407vg_gpio_driver.o
 .group         0x0000000000000000        0xc Drivers/Src/stm32f407vg_gpio_driver.o
 .group         0x0000000000000000        0xc Drivers/Src/stm32f407vg_gpio_driver.o
 .group         0x0000000000000000        0xc Drivers/Src/stm32f407vg_gpio_driver.o
 .group         0x0000000000000000        0xc Drivers/Src/stm32f407vg_gpio_driver.o
 .group         0x0000000000000000        0xc Drivers/Src/stm32f407vg_gpio_driver.o
 .group         0x0000000000000000        0xc Drivers/Src/stm32f407vg_gpio_driver.o
 .text          0x0000000000000000        0x0 Drivers/Src/stm32f407vg_gpio_driver.o
 .data          0x0000000000000000        0x0 Drivers/Src/stm32f407vg_gpio_driver.o
 .bss           0x0000000000000000        0x0 Drivers/Src/stm32f407vg_gpio_driver.o
 .text.GPIO_ClkControl
                0x0000000000000000      0x110 Drivers/Src/stm32f407vg_gpio_driver.o
 .text.GPIO_DeInit
                0x0000000000000000       0x98 Drivers/Src/stm32f407vg_gpio_driver.o
 .text.GPIO_ReadInputPin
                0x0000000000000000       0x2c Drivers/Src/stm32f407vg_gpio_driver.o
 .text.GPIO_ReadInputPort
                0x0000000000000000       0x1e Drivers/Src/stm32f407vg_gpio_driver.o
 .text.GPIO_WriteOutputPin
                0x0000000000000000       0x4a Drivers/Src/stm32f407vg_gpio_driver.o
 .text.GPIO_WriteOutputPort
                0x0000000000000000       0x1e Drivers/Src/stm32f407vg_gpio_driver.o
 .text.GPIO_ToggleOutputPin
                0x0000000000000000       0x2a Drivers/Src/stm32f407vg_gpio_driver.o
 .text.GPIO_IRQConfig
                0x0000000000000000      0x14c Drivers/Src/stm32f407vg_gpio_driver.o
 .text.GPIO_IRQHandling
                0x0000000000000000       0x40 Drivers/Src/stm32f407vg_gpio_driver.o
 .group         0x0000000000000000        0xc Drivers/Src/stm32f407vg_spi_driver.o
 .group         0x0000000000000000        0xc Drivers/Src/stm32f407vg_spi_driver.o
 .group         0x0000000000000000        0xc Drivers/Src/stm32f407vg_spi_driver.o
 .group         0x0000000000000000        0xc Drivers/Src/stm32f407vg_spi_driver.o
 .group         0x0000000000000000        0xc Drivers/Src/stm32f407vg_spi_driver.o
 .group         0x0000000000000000        0xc Drivers/Src/stm32f407vg_spi_driver.o
 .group         0x0000000000000000        0xc Drivers/Src/stm32f407vg_spi_driver.o
 .group         0x0000000000000000        0xc Drivers/Src/stm32f407vg_spi_driver.o
 .group         0x0000000000000000        0xc Drivers/Src/stm32f407vg_spi_driver.o
 .group         0x0000000000000000        0xc Drivers/Src/stm32f407vg_spi_driver.o
 .group         0x0000000000000000        0xc Drivers/Src/stm32f407vg_spi_driver.o
 .text          0x0000000000000000        0x0 Drivers/Src/stm32f407vg_spi_driver.o
 .data          0x0000000000000000        0x0 Drivers/Src/stm32f407vg_spi_driver.o
 .bss           0x0000000000000000        0x0 Drivers/Src/stm32f407vg_spi_driver.o
 .text.SPI_DeInit
                0x0000000000000000       0x64 Drivers/Src/stm32f407vg_spi_driver.o
 .text.SPI_RecieveData
                0x0000000000000000       0x6a Drivers/Src/stm32f407vg_spi_driver.o
 .text.SPI_SendDataIT
                0x0000000000000000       0x48 Drivers/Src/stm32f407vg_spi_driver.o
 .text.SPI_ReceiveDataIT
                0x0000000000000000       0x4a Drivers/Src/stm32f407vg_spi_driver.o
 .text.SPI_IRQConfig
                0x0000000000000000      0x14c Drivers/Src/stm32f407vg_spi_driver.o
 .text.SPI_IRQHandling
                0x0000000000000000       0x9a Drivers/Src/stm32f407vg_spi_driver.o
 .text.spi_txe_interrupt_handler
                0x0000000000000000       0x92 Drivers/Src/stm32f407vg_spi_driver.o
 .text.spi_rxne_interrupt_handler
                0x0000000000000000       0x96 Drivers/Src/stm32f407vg_spi_driver.o
 .text.spi_ovr_err_interrupt_handler
                0x0000000000000000       0x30 Drivers/Src/stm32f407vg_spi_driver.o
 .text.SPI_ApplicationEventCallback
                0x0000000000000000       0x18 Drivers/Src/stm32f407vg_spi_driver.o
 .debug_macro   0x0000000000000000      0xab4 Drivers/Src/stm32f407vg_spi_driver.o
 .debug_macro   0x0000000000000000       0x22 Drivers/Src/stm32f407vg_spi_driver.o
 .debug_macro   0x0000000000000000       0x8e Drivers/Src/stm32f407vg_spi_driver.o
 .debug_macro   0x0000000000000000       0x51 Drivers/Src/stm32f407vg_spi_driver.o
 .debug_macro   0x0000000000000000      0x103 Drivers/Src/stm32f407vg_spi_driver.o
 .debug_macro   0x0000000000000000       0x6a Drivers/Src/stm32f407vg_spi_driver.o
 .debug_macro   0x0000000000000000      0x1df Drivers/Src/stm32f407vg_spi_driver.o
 .debug_macro   0x0000000000000000      0x174 Drivers/Src/stm32f407vg_spi_driver.o
 .debug_macro   0x0000000000000000      0x47b Drivers/Src/stm32f407vg_spi_driver.o
 .debug_macro   0x0000000000000000       0xc4 Drivers/Src/stm32f407vg_spi_driver.o
 .debug_macro   0x0000000000000000       0xa6 Drivers/Src/stm32f407vg_spi_driver.o
 .group         0x0000000000000000        0xc Src/SPI_SendData.o
 .group         0x0000000000000000        0xc Src/SPI_SendData.o
 .group         0x0000000000000000        0xc Src/SPI_SendData.o
 .group         0x0000000000000000        0xc Src/SPI_SendData.o
 .group         0x0000000000000000        0xc Src/SPI_SendData.o
 .group         0x0000000000000000        0xc Src/SPI_SendData.o
 .group         0x0000000000000000        0xc Src/SPI_SendData.o
 .group         0x0000000000000000        0xc Src/SPI_SendData.o
 .group         0x0000000000000000        0xc Src/SPI_SendData.o
 .group         0x0000000000000000        0xc Src/SPI_SendData.o
 .group         0x0000000000000000        0xc Src/SPI_SendData.o
 .group         0x0000000000000000        0xc Src/SPI_SendData.o
 .group         0x0000000000000000        0xc Src/SPI_SendData.o
 .group         0x0000000000000000        0xc Src/SPI_SendData.o
 .group         0x0000000000000000        0xc Src/SPI_SendData.o
 .group         0x0000000000000000        0xc Src/SPI_SendData.o
 .group         0x0000000000000000        0xc Src/SPI_SendData.o
 .group         0x0000000000000000        0xc Src/SPI_SendData.o
 .group         0x0000000000000000        0xc Src/SPI_SendData.o
 .group         0x0000000000000000        0xc Src/SPI_SendData.o
 .group         0x0000000000000000        0xc Src/SPI_SendData.o
 .group         0x0000000000000000        0xc Src/SPI_SendData.o
 .group         0x0000000000000000        0xc Src/SPI_SendData.o
 .group         0x0000000000000000        0xc Src/SPI_SendData.o
 .group         0x0000000000000000        0xc Src/SPI_SendData.o
 .group         0x0000000000000000        0xc Src/SPI_SendData.o
 .group         0x0000000000000000        0xc Src/SPI_SendData.o
 .text          0x0000000000000000        0x0 Src/SPI_SendData.o
 .data          0x0000000000000000        0x0 Src/SPI_SendData.o
 .bss           0x0000000000000000        0x0 Src/SPI_SendData.o
 .debug_macro   0x0000000000000000      0xab4 Src/SPI_SendData.o
 .debug_macro   0x0000000000000000       0x22 Src/SPI_SendData.o
 .debug_macro   0x0000000000000000       0x8e Src/SPI_SendData.o
 .debug_macro   0x0000000000000000       0x51 Src/SPI_SendData.o
 .debug_macro   0x0000000000000000      0x103 Src/SPI_SendData.o
 .debug_macro   0x0000000000000000       0x6a Src/SPI_SendData.o
 .debug_macro   0x0000000000000000      0x1df Src/SPI_SendData.o
 .debug_macro   0x0000000000000000      0x174 Src/SPI_SendData.o
 .debug_macro   0x0000000000000000      0x47b Src/SPI_SendData.o
 .debug_macro   0x0000000000000000       0xc4 Src/SPI_SendData.o
 .group         0x0000000000000000        0xc Src/syscalls.o
 .group         0x0000000000000000        0xc Src/syscalls.o
 .group         0x0000000000000000        0xc Src/syscalls.o
 .group         0x0000000000000000        0xc Src/syscalls.o
 .group         0x0000000000000000        0xc Src/syscalls.o
 .group         0x0000000000000000        0xc Src/syscalls.o
 .group         0x0000000000000000        0xc Src/syscalls.o
 .group         0x0000000000000000        0xc Src/syscalls.o
 .group         0x0000000000000000        0xc Src/syscalls.o
 .group         0x0000000000000000        0xc Src/syscalls.o
 .group         0x0000000000000000        0xc Src/syscalls.o
 .group         0x0000000000000000        0xc Src/syscalls.o
 .group         0x0000000000000000        0xc Src/syscalls.o
 .group         0x0000000000000000        0xc Src/syscalls.o
 .group         0x0000000000000000        0xc Src/syscalls.o
 .group         0x0000000000000000        0xc Src/syscalls.o
 .group         0x0000000000000000        0xc Src/syscalls.o
 .group         0x0000000000000000        0xc Src/syscalls.o
 .group         0x0000000000000000        0xc Src/syscalls.o
 .group         0x0000000000000000        0xc Src/syscalls.o
 .group         0x0000000000000000        0xc Src/syscalls.o
 .group         0x0000000000000000        0xc Src/syscalls.o
 .group         0x0000000000000000        0xc Src/syscalls.o
 .group         0x0000000000000000        0xc Src/syscalls.o
 .group         0x0000000000000000        0xc Src/syscalls.o
 .group         0x0000000000000000        0xc Src/syscalls.o
 .group         0x0000000000000000        0xc Src/syscalls.o
 .group         0x0000000000000000        0xc Src/syscalls.o
 .group         0x0000000000000000        0xc Src/syscalls.o
 .group         0x0000000000000000        0xc Src/syscalls.o
 .group         0x0000000000000000        0xc Src/syscalls.o
 .group         0x0000000000000000        0xc Src/syscalls.o
 .group         0x0000000000000000        0xc Src/syscalls.o
 .group         0x0000000000000000        0xc Src/syscalls.o
 .group         0x0000000000000000        0xc Src/syscalls.o
 .group         0x0000000000000000        0xc Src/syscalls.o
 .group         0x0000000000000000        0xc Src/syscalls.o
 .group         0x0000000000000000        0xc Src/syscalls.o
 .group         0x0000000000000000        0xc Src/syscalls.o
 .group         0x0000000000000000        0xc Src/syscalls.o
 .group         0x0000000000000000        0xc Src/syscalls.o
 .group         0x0000000000000000        0xc Src/syscalls.o
 .group         0x0000000000000000        0xc Src/syscalls.o
 .group         0x0000000000000000        0xc Src/syscalls.o
 .group         0x0000000000000000        0xc Src/syscalls.o
 .group         0x0000000000000000        0xc Src/syscalls.o
 .group         0x0000000000000000        0xc Src/syscalls.o
 .text          0x0000000000000000        0x0 Src/syscalls.o
 .data          0x0000000000000000        0x0 Src/syscalls.o
 .bss           0x0000000000000000        0x0 Src/syscalls.o
 .bss.__env     0x0000000000000000        0x4 Src/syscalls.o
 .data.environ  0x0000000000000000        0x4 Src/syscalls.o
 .text.initialise_monitor_handles
                0x0000000000000000        0xe Src/syscalls.o
 .text._getpid  0x0000000000000000       0x10 Src/syscalls.o
 .text._kill    0x0000000000000000       0x20 Src/syscalls.o
 .text._exit    0x0000000000000000       0x14 Src/syscalls.o
 .text._read    0x0000000000000000       0x3a Src/syscalls.o
 .text._write   0x0000000000000000       0x38 Src/syscalls.o
 .text._close   0x0000000000000000       0x18 Src/syscalls.o
 .text._fstat   0x0000000000000000       0x20 Src/syscalls.o
 .text._isatty  0x0000000000000000       0x16 Src/syscalls.o
 .text._lseek   0x0000000000000000       0x1a Src/syscalls.o
 .text._open    0x0000000000000000       0x1c Src/syscalls.o
 .text._wait    0x0000000000000000       0x1e Src/syscalls.o
 .text._unlink  0x0000000000000000       0x1e Src/syscalls.o
 .text._times   0x0000000000000000       0x18 Src/syscalls.o
 .text._stat    0x0000000000000000       0x20 Src/syscalls.o
 .text._link    0x0000000000000000       0x20 Src/syscalls.o
 .text._fork    0x0000000000000000       0x16 Src/syscalls.o
 .text._execve  0x0000000000000000       0x22 Src/syscalls.o
 .debug_info    0x0000000000000000      0xfa8 Src/syscalls.o
 .debug_abbrev  0x0000000000000000      0x286 Src/syscalls.o
 .debug_aranges
                0x0000000000000000       0xa8 Src/syscalls.o
 .debug_ranges  0x0000000000000000       0x98 Src/syscalls.o
 .debug_macro   0x0000000000000000      0x24c Src/syscalls.o
 .debug_macro   0x0000000000000000      0xab4 Src/syscalls.o
 .debug_macro   0x0000000000000000       0x22 Src/syscalls.o
 .debug_macro   0x0000000000000000       0x4c Src/syscalls.o
 .debug_macro   0x0000000000000000       0x18 Src/syscalls.o
 .debug_macro   0x0000000000000000       0x94 Src/syscalls.o
 .debug_macro   0x0000000000000000       0x3c Src/syscalls.o
 .debug_macro   0x0000000000000000       0x34 Src/syscalls.o
 .debug_macro   0x0000000000000000       0x57 Src/syscalls.o
 .debug_macro   0x0000000000000000      0x174 Src/syscalls.o
 .debug_macro   0x0000000000000000      0x339 Src/syscalls.o
 .debug_macro   0x0000000000000000       0x16 Src/syscalls.o
 .debug_macro   0x0000000000000000       0x43 Src/syscalls.o
 .debug_macro   0x0000000000000000       0x34 Src/syscalls.o
 .debug_macro   0x0000000000000000       0x10 Src/syscalls.o
 .debug_macro   0x0000000000000000       0x58 Src/syscalls.o
 .debug_macro   0x0000000000000000       0x71 Src/syscalls.o
 .debug_macro   0x0000000000000000       0x1c Src/syscalls.o
 .debug_macro   0x0000000000000000      0x12a Src/syscalls.o
 .debug_macro   0x0000000000000000       0x10 Src/syscalls.o
 .debug_macro   0x0000000000000000       0x35 Src/syscalls.o
 .debug_macro   0x0000000000000000       0x10 Src/syscalls.o
 .debug_macro   0x0000000000000000       0x10 Src/syscalls.o
 .debug_macro   0x0000000000000000       0x10 Src/syscalls.o
 .debug_macro   0x0000000000000000       0x6a Src/syscalls.o
 .debug_macro   0x0000000000000000       0x1c Src/syscalls.o
 .debug_macro   0x0000000000000000       0x52 Src/syscalls.o
 .debug_macro   0x0000000000000000       0x22 Src/syscalls.o
 .debug_macro   0x0000000000000000       0x10 Src/syscalls.o
 .debug_macro   0x0000000000000000       0x40 Src/syscalls.o
 .debug_macro   0x0000000000000000       0xd5 Src/syscalls.o
 .debug_macro   0x0000000000000000       0x1c Src/syscalls.o
 .debug_macro   0x0000000000000000       0x3d Src/syscalls.o
 .debug_macro   0x0000000000000000       0x35 Src/syscalls.o
 .debug_macro   0x0000000000000000      0x12c Src/syscalls.o
 .debug_macro   0x0000000000000000       0x16 Src/syscalls.o
 .debug_macro   0x0000000000000000       0x16 Src/syscalls.o
 .debug_macro   0x0000000000000000       0x29 Src/syscalls.o
 .debug_macro   0x0000000000000000       0x10 Src/syscalls.o
 .debug_macro   0x0000000000000000      0x241 Src/syscalls.o
 .debug_macro   0x0000000000000000       0x1c Src/syscalls.o
 .debug_macro   0x0000000000000000       0x10 Src/syscalls.o
 .debug_macro   0x0000000000000000       0x10 Src/syscalls.o
 .debug_macro   0x0000000000000000       0x16 Src/syscalls.o
 .debug_macro   0x0000000000000000      0x145 Src/syscalls.o
 .debug_macro   0x0000000000000000      0x189 Src/syscalls.o
 .debug_macro   0x0000000000000000       0x16 Src/syscalls.o
 .debug_macro   0x0000000000000000       0xce Src/syscalls.o
 .debug_line    0x0000000000000000      0x7d0 Src/syscalls.o
 .debug_str     0x0000000000000000     0x8ef7 Src/syscalls.o
 .comment       0x0000000000000000       0x54 Src/syscalls.o
 .debug_frame   0x0000000000000000      0x2ac Src/syscalls.o
 .ARM.attributes
                0x0000000000000000       0x34 Src/syscalls.o
 .group         0x0000000000000000        0xc Src/sysmem.o
 .group         0x0000000000000000        0xc Src/sysmem.o
 .group         0x0000000000000000        0xc Src/sysmem.o
 .group         0x0000000000000000        0xc Src/sysmem.o
 .group         0x0000000000000000        0xc Src/sysmem.o
 .group         0x0000000000000000        0xc Src/sysmem.o
 .group         0x0000000000000000        0xc Src/sysmem.o
 .group         0x0000000000000000        0xc Src/sysmem.o
 .group         0x0000000000000000        0xc Src/sysmem.o
 .group         0x0000000000000000        0xc Src/sysmem.o
 .group         0x0000000000000000        0xc Src/sysmem.o
 .group         0x0000000000000000        0xc Src/sysmem.o
 .group         0x0000000000000000        0xc Src/sysmem.o
 .group         0x0000000000000000        0xc Src/sysmem.o
 .group         0x0000000000000000        0xc Src/sysmem.o
 .group         0x0000000000000000        0xc Src/sysmem.o
 .group         0x0000000000000000        0xc Src/sysmem.o
 .group         0x0000000000000000        0xc Src/sysmem.o
 .group         0x0000000000000000        0xc Src/sysmem.o
 .group         0x0000000000000000        0xc Src/sysmem.o
 .group         0x0000000000000000        0xc Src/sysmem.o
 .group         0x0000000000000000        0xc Src/sysmem.o
 .text          0x0000000000000000        0x0 Src/sysmem.o
 .data          0x0000000000000000        0x0 Src/sysmem.o
 .bss           0x0000000000000000        0x0 Src/sysmem.o
 .bss.__sbrk_heap_end
                0x0000000000000000        0x4 Src/sysmem.o
 .text._sbrk    0x0000000000000000       0x6c Src/sysmem.o
 .debug_info    0x0000000000000000      0xa25 Src/sysmem.o
 .debug_abbrev  0x0000000000000000      0x1bf Src/sysmem.o
 .debug_aranges
                0x0000000000000000       0x20 Src/sysmem.o
 .debug_ranges  0x0000000000000000       0x10 Src/sysmem.o
 .debug_macro   0x0000000000000000       0xff Src/sysmem.o
 .debug_macro   0x0000000000000000      0xab4 Src/sysmem.o
 .debug_macro   0x0000000000000000       0x10 Src/sysmem.o
 .debug_macro   0x0000000000000000       0x22 Src/sysmem.o
 .debug_macro   0x0000000000000000       0x4c Src/sysmem.o
 .debug_macro   0x0000000000000000       0x18 Src/sysmem.o
 .debug_macro   0x0000000000000000       0x94 Src/sysmem.o
 .debug_macro   0x0000000000000000       0x3c Src/sysmem.o
 .debug_macro   0x0000000000000000       0x34 Src/sysmem.o
 .debug_macro   0x0000000000000000      0x174 Src/sysmem.o
 .debug_macro   0x0000000000000000       0x16 Src/sysmem.o
 .debug_macro   0x0000000000000000       0x43 Src/sysmem.o
 .debug_macro   0x0000000000000000       0x57 Src/sysmem.o
 .debug_macro   0x0000000000000000       0x34 Src/sysmem.o
 .debug_macro   0x0000000000000000       0x10 Src/sysmem.o
 .debug_macro   0x0000000000000000       0x58 Src/sysmem.o
 .debug_macro   0x0000000000000000       0x71 Src/sysmem.o
 .debug_macro   0x0000000000000000       0x1c Src/sysmem.o
 .debug_macro   0x0000000000000000      0x12a Src/sysmem.o
 .debug_macro   0x0000000000000000      0x23b Src/sysmem.o
 .debug_macro   0x0000000000000000      0x103 Src/sysmem.o
 .debug_macro   0x0000000000000000       0x6a Src/sysmem.o
 .debug_macro   0x0000000000000000      0x1df Src/sysmem.o
 .debug_line    0x0000000000000000      0x4c6 Src/sysmem.o
 .debug_str     0x0000000000000000     0x62ca Src/sysmem.o
 .comment       0x0000000000000000       0x54 Src/sysmem.o
 .debug_frame   0x0000000000000000       0x34 Src/sysmem.o
 .ARM.attributes
                0x0000000000000000       0x34 Src/sysmem.o
 .text          0x0000000000000000       0x14 Startup/startup_stm32f407vgtx.o
 .data          0x0000000000000000        0x0 Startup/startup_stm32f407vgtx.o
 .bss           0x0000000000000000        0x0 Startup/startup_stm32f407vgtx.o
 .text          0x0000000000000000        0x0 /opt/st/stm32cubeide_1.6.1/plugins/com.st.stm32cube.ide.mcu.externaltools.gnu-tools-for-stm32.9-2020-q2-update.linux64_1.5.0.202011040924/tools/bin/../lib/gcc/arm-none-eabi/9.3.1/../../../../arm-none-eabi/lib/thumb/v7e-m+fp/hard/libc_nano.a(lib_a-errno.o)
 .data          0x0000000000000000        0x0 /opt/st/stm32cubeide_1.6.1/plugins/com.st.stm32cube.ide.mcu.externaltools.gnu-tools-for-stm32.9-2020-q2-update.linux64_1.5.0.202011040924/tools/bin/../lib/gcc/arm-none-eabi/9.3.1/../../../../arm-none-eabi/lib/thumb/v7e-m+fp/hard/libc_nano.a(lib_a-errno.o)
 .bss           0x0000000000000000        0x0 /opt/st/stm32cubeide_1.6.1/plugins/com.st.stm32cube.ide.mcu.externaltools.gnu-tools-for-stm32.9-2020-q2-update.linux64_1.5.0.202011040924/tools/bin/../lib/gcc/arm-none-eabi/9.3.1/../../../../arm-none-eabi/lib/thumb/v7e-m+fp/hard/libc_nano.a(lib_a-errno.o)
 .text.__errno  0x0000000000000000        0xc /opt/st/stm32cubeide_1.6.1/plugins/com.st.stm32cube.ide.mcu.externaltools.gnu-tools-for-stm32.9-2020-q2-update.linux64_1.5.0.202011040924/tools/bin/../lib/gcc/arm-none-eabi/9.3.1/../../../../arm-none-eabi/lib/thumb/v7e-m+fp/hard/libc_nano.a(lib_a-errno.o)
 .debug_frame   0x0000000000000000       0x20 /opt/st/stm32cubeide_1.6.1/plugins/com.st.stm32cube.ide.mcu.externaltools.gnu-tools-for-stm32.9-2020-q2-update.linux64_1.5.0.202011040924/tools/bin/../lib/gcc/arm-none-eabi/9.3.1/../../../../arm-none-eabi/lib/thumb/v7e-m+fp/hard/libc_nano.a(lib_a-errno.o)
 .ARM.attributes
                0x0000000000000000       0x34 /opt/st/stm32cubeide_1.6.1/plugins/com.st.stm32cube.ide.mcu.externaltools.gnu-tools-for-stm32.9-2020-q2-update.linux64_1.5.0.202011040924/tools/bin/../lib/gcc/arm-none-eabi/9.3.1/../../../../arm-none-eabi/lib/thumb/v7e-m+fp/hard/libc_nano.a(lib_a-errno.o)
 .text          0x0000000000000000        0x0 /opt/st/stm32cubeide_1.6.1/plugins/com.st.stm32cube.ide.mcu.externaltools.gnu-tools-for-stm32.9-2020-q2-update.linux64_1.5.0.202011040924/tools/bin/../lib/gcc/arm-none-eabi/9.3.1/../../../../arm-none-eabi/lib/thumb/v7e-m+fp/hard/libc_nano.a(lib_a-exit.o)
 .data          0x0000000000000000        0x0 /opt/st/stm32cubeide_1.6.1/plugins/com.st.stm32cube.ide.mcu.externaltools.gnu-tools-for-stm32.9-2020-q2-update.linux64_1.5.0.202011040924/tools/bin/../lib/gcc/arm-none-eabi/9.3.1/../../../../arm-none-eabi/lib/thumb/v7e-m+fp/hard/libc_nano.a(lib_a-exit.o)
 .bss           0x0000000000000000        0x0 /opt/st/stm32cubeide_1.6.1/plugins/com.st.stm32cube.ide.mcu.externaltools.gnu-tools-for-stm32.9-2020-q2-update.linux64_1.5.0.202011040924/tools/bin/../lib/gcc/arm-none-eabi/9.3.1/../../../../arm-none-eabi/lib/thumb/v7e-m+fp/hard/libc_nano.a(lib_a-exit.o)
 .text.exit     0x0000000000000000       0x28 /opt/st/stm32cubeide_1.6.1/plugins/com.st.stm32cube.ide.mcu.externaltools.gnu-tools-for-stm32.9-2020-q2-update.linux64_1.5.0.202011040924/tools/bin/../lib/gcc/arm-none-eabi/9.3.1/../../../../arm-none-eabi/lib/thumb/v7e-m+fp/hard/libc_nano.a(lib_a-exit.o)
 .debug_frame   0x0000000000000000       0x28 /opt/st/stm32cubeide_1.6.1/plugins/com.st.stm32cube.ide.mcu.externaltools.gnu-tools-for-stm32.9-2020-q2-update.linux64_1.5.0.202011040924/tools/bin/../lib/gcc/arm-none-eabi/9.3.1/../../../../arm-none-eabi/lib/thumb/v7e-m+fp/hard/libc_nano.a(lib_a-exit.o)
 .ARM.attributes
                0x0000000000000000       0x34 /opt/st/stm32cubeide_1.6.1/plugins/com.st.stm32cube.ide.mcu.externaltools.gnu-tools-for-stm32.9-2020-q2-update.linux64_1.5.0.202011040924/tools/bin/../lib/gcc/arm-none-eabi/9.3.1/../../../../arm-none-eabi/lib/thumb/v7e-m+fp/hard/libc_nano.a(lib_a-exit.o)
 .text          0x0000000000000000        0x0 /opt/st/stm32cubeide_1.6.1/plugins/com.st.stm32cube.ide.mcu.externaltools.gnu-tools-for-stm32.9-2020-q2-update.linux64_1.5.0.202011040924/tools/bin/../lib/gcc/arm-none-eabi/9.3.1/../../../../arm-none-eabi/lib/thumb/v7e-m+fp/hard/libc_nano.a(lib_a-impure.o)
 .data          0x0000000000000000        0x0 /opt/st/stm32cubeide_1.6.1/plugins/com.st.stm32cube.ide.mcu.externaltools.gnu-tools-for-stm32.9-2020-q2-update.linux64_1.5.0.202011040924/tools/bin/../lib/gcc/arm-none-eabi/9.3.1/../../../../arm-none-eabi/lib/thumb/v7e-m+fp/hard/libc_nano.a(lib_a-impure.o)
 .bss           0x0000000000000000        0x0 /opt/st/stm32cubeide_1.6.1/plugins/com.st.stm32cube.ide.mcu.externaltools.gnu-tools-for-stm32.9-2020-q2-update.linux64_1.5.0.202011040924/tools/bin/../lib/gcc/arm-none-eabi/9.3.1/../../../../arm-none-eabi/lib/thumb/v7e-m+fp/hard/libc_nano.a(lib_a-impure.o)
 .data._impure_ptr
                0x0000000000000000        0x4 /opt/st/stm32cubeide_1.6.1/plugins/com.st.stm32cube.ide.mcu.externaltools.gnu-tools-for-stm32.9-2020-q2-update.linux64_1.5.0.202011040924/tools/bin/../lib/gcc/arm-none-eabi/9.3.1/../../../../arm-none-eabi/lib/thumb/v7e-m+fp/hard/libc_nano.a(lib_a-impure.o)
 .data.impure_data
                0x0000000000000000       0x60 /opt/st/stm32cubeide_1.6.1/plugins/com.st.stm32cube.ide.mcu.externaltools.gnu-tools-for-stm32.9-2020-q2-update.linux64_1.5.0.202011040924/tools/bin/../lib/gcc/arm-none-eabi/9.3.1/../../../../arm-none-eabi/lib/thumb/v7e-m+fp/hard/libc_nano.a(lib_a-impure.o)
 .rodata._global_impure_ptr
                0x0000000000000000        0x4 /opt/st/stm32cubeide_1.6.1/plugins/com.st.stm32cube.ide.mcu.externaltools.gnu-tools-for-stm32.9-2020-q2-update.linux64_1.5.0.202011040924/tools/bin/../lib/gcc/arm-none-eabi/9.3.1/../../../../arm-none-eabi/lib/thumb/v7e-m+fp/hard/libc_nano.a(lib_a-impure.o)
 .ARM.attributes
                0x0000000000000000       0x32 /opt/st/stm32cubeide_1.6.1/plugins/com.st.stm32cube.ide.mcu.externaltools.gnu-tools-for-stm32.9-2020-q2-update.linux64_1.5.0.202011040924/tools/bin/../lib/gcc/arm-none-eabi/9.3.1/../../../../arm-none-eabi/lib/thumb/v7e-m+fp/hard/libc_nano.a(lib_a-impure.o)
 .text          0x0000000000000000        0x0 /opt/st/stm32cubeide_1.6.1/plugins/com.st.stm32cube.ide.mcu.externaltools.gnu-tools-for-stm32.9-2020-q2-update.linux64_1.5.0.202011040924/tools/bin/../lib/gcc/arm-none-eabi/9.3.1/../../../../arm-none-eabi/lib/thumb/v7e-m+fp/hard/libc_nano.a(lib_a-init.o)
 .data          0x0000000000000000        0x0 /opt/st/stm32cubeide_1.6.1/plugins/com.st.stm32cube.ide.mcu.externaltools.gnu-tools-for-stm32.9-2020-q2-update.linux64_1.5.0.202011040924/tools/bin/../lib/gcc/arm-none-eabi/9.3.1/../../../../arm-none-eabi/lib/thumb/v7e-m+fp/hard/libc_nano.a(lib_a-init.o)
 .bss           0x0000000000000000        0x0 /opt/st/stm32cubeide_1.6.1/plugins/com.st.stm32cube.ide.mcu.externaltools.gnu-tools-for-stm32.9-2020-q2-update.linux64_1.5.0.202011040924/tools/bin/../lib/gcc/arm-none-eabi/9.3.1/../../../../arm-none-eabi/lib/thumb/v7e-m+fp/hard/libc_nano.a(lib_a-init.o)
 .text          0x0000000000000000        0x0 /opt/st/stm32cubeide_1.6.1/plugins/com.st.stm32cube.ide.mcu.externaltools.gnu-tools-for-stm32.9-2020-q2-update.linux64_1.5.0.202011040924/tools/bin/../lib/gcc/arm-none-eabi/9.3.1/../../../../arm-none-eabi/lib/thumb/v7e-m+fp/hard/libc_nano.a(lib_a-memset.o)
 .data          0x0000000000000000        0x0 /opt/st/stm32cubeide_1.6.1/plugins/com.st.stm32cube.ide.mcu.externaltools.gnu-tools-for-stm32.9-2020-q2-update.linux64_1.5.0.202011040924/tools/bin/../lib/gcc/arm-none-eabi/9.3.1/../../../../arm-none-eabi/lib/thumb/v7e-m+fp/hard/libc_nano.a(lib_a-memset.o)
 .bss           0x0000000000000000        0x0 /opt/st/stm32cubeide_1.6.1/plugins/com.st.stm32cube.ide.mcu.externaltools.gnu-tools-for-stm32.9-2020-q2-update.linux64_1.5.0.202011040924/tools/bin/../lib/gcc/arm-none-eabi/9.3.1/../../../../arm-none-eabi/lib/thumb/v7e-m+fp/hard/libc_nano.a(lib_a-memset.o)
 .text.memset   0x0000000000000000       0x10 /opt/st/stm32cubeide_1.6.1/plugins/com.st.stm32cube.ide.mcu.externaltools.gnu-tools-for-stm32.9-2020-q2-update.linux64_1.5.0.202011040924/tools/bin/../lib/gcc/arm-none-eabi/9.3.1/../../../../arm-none-eabi/lib/thumb/v7e-m+fp/hard/libc_nano.a(lib_a-memset.o)
 .debug_frame   0x0000000000000000       0x20 /opt/st/stm32cubeide_1.6.1/plugins/com.st.stm32cube.ide.mcu.externaltools.gnu-tools-for-stm32.9-2020-q2-update.linux64_1.5.0.202011040924/tools/bin/../lib/gcc/arm-none-eabi/9.3.1/../../../../arm-none-eabi/lib/thumb/v7e-m+fp/hard/libc_nano.a(lib_a-memset.o)
 .ARM.attributes
                0x0000000000000000       0x34 /opt/st/stm32cubeide_1.6.1/plugins/com.st.stm32cube.ide.mcu.externaltools.gnu-tools-for-stm32.9-2020-q2-update.linux64_1.5.0.202011040924/tools/bin/../lib/gcc/arm-none-eabi/9.3.1/../../../../arm-none-eabi/lib/thumb/v7e-m+fp/hard/libc_nano.a(lib_a-memset.o)
 .data          0x0000000000000000        0x0 /opt/st/stm32cubeide_1.6.1/plugins/com.st.stm32cube.ide.mcu.externaltools.gnu-tools-for-stm32.9-2020-q2-update.linux64_1.5.0.202011040924/tools/bin/../lib/gcc/arm-none-eabi/9.3.1/../../../../arm-none-eabi/lib/thumb/v7e-m+fp/hard/libc_nano.a(lib_a-strlen.o)
 .bss           0x0000000000000000        0x0 /opt/st/stm32cubeide_1.6.1/plugins/com.st.stm32cube.ide.mcu.externaltools.gnu-tools-for-stm32.9-2020-q2-update.linux64_1.5.0.202011040924/tools/bin/../lib/gcc/arm-none-eabi/9.3.1/../../../../arm-none-eabi/lib/thumb/v7e-m+fp/hard/libc_nano.a(lib_a-strlen.o)
 .text          0x0000000000000000        0x0 /opt/st/stm32cubeide_1.6.1/plugins/com.st.stm32cube.ide.mcu.externaltools.gnu-tools-for-stm32.9-2020-q2-update.linux64_1.5.0.202011040924/tools/bin/../lib/gcc/arm-none-eabi/9.3.1/thumb/v7e-m+fp/hard/crtend.o
 .data          0x0000000000000000        0x0 /opt/st/stm32cubeide_1.6.1/plugins/com.st.stm32cube.ide.mcu.externaltools.gnu-tools-for-stm32.9-2020-q2-update.linux64_1.5.0.202011040924/tools/bin/../lib/gcc/arm-none-eabi/9.3.1/thumb/v7e-m+fp/hard/crtend.o
 .bss           0x0000000000000000        0x0 /opt/st/stm32cubeide_1.6.1/plugins/com.st.stm32cube.ide.mcu.externaltools.gnu-tools-for-stm32.9-2020-q2-update.linux64_1.5.0.202011040924/tools/bin/../lib/gcc/arm-none-eabi/9.3.1/thumb/v7e-m+fp/hard/crtend.o
 .eh_frame      0x0000000000000000        0x4 /opt/st/stm32cubeide_1.6.1/plugins/com.st.stm32cube.ide.mcu.externaltools.gnu-tools-for-stm32.9-2020-q2-update.linux64_1.5.0.202011040924/tools/bin/../lib/gcc/arm-none-eabi/9.3.1/thumb/v7e-m+fp/hard/crtend.o
 .ARM.attributes
                0x0000000000000000       0x32 /opt/st/stm32cubeide_1.6.1/plugins/com.st.stm32cube.ide.mcu.externaltools.gnu-tools-for-stm32.9-2020-q2-update.linux64_1.5.0.202011040924/tools/bin/../lib/gcc/arm-none-eabi/9.3.1/thumb/v7e-m+fp/hard/crtend.o
 .text          0x0000000000000000        0x0 /opt/st/stm32cubeide_1.6.1/plugins/com.st.stm32cube.ide.mcu.externaltools.gnu-tools-for-stm32.9-2020-q2-update.linux64_1.5.0.202011040924/tools/bin/../lib/gcc/arm-none-eabi/9.3.1/thumb/v7e-m+fp/hard/crtn.o
 .data          0x0000000000000000        0x0 /opt/st/stm32cubeide_1.6.1/plugins/com.st.stm32cube.ide.mcu.externaltools.gnu-tools-for-stm32.9-2020-q2-update.linux64_1.5.0.202011040924/tools/bin/../lib/gcc/arm-none-eabi/9.3.1/thumb/v7e-m+fp/hard/crtn.o
 .bss           0x0000000000000000        0x0 /opt/st/stm32cubeide_1.6.1/plugins/com.st.stm32cube.ide.mcu.externaltools.gnu-tools-for-stm32.9-2020-q2-update.linux64_1.5.0.202011040924/tools/bin/../lib/gcc/arm-none-eabi/9.3.1/thumb/v7e-m+fp/hard/crtn.o

Memory Configuration

Name             Origin             Length             Attributes
RAM              0x0000000020000000 0x0000000000020000 xrw
FLASH            0x0000000008000000 0x0000000000100000 xr
*default*        0x0000000000000000 0xffffffffffffffff

Linker script and memory map

LOAD /opt/st/stm32cubeide_1.6.1/plugins/com.st.stm32cube.ide.mcu.externaltools.gnu-tools-for-stm32.9-2020-q2-update.linux64_1.5.0.202011040924/tools/bin/../lib/gcc/arm-none-eabi/9.3.1/thumb/v7e-m+fp/hard/crti.o
LOAD /opt/st/stm32cubeide_1.6.1/plugins/com.st.stm32cube.ide.mcu.externaltools.gnu-tools-for-stm32.9-2020-q2-update.linux64_1.5.0.202011040924/tools/bin/../lib/gcc/arm-none-eabi/9.3.1/thumb/v7e-m+fp/hard/crtbegin.o
LOAD /opt/st/stm32cubeide_1.6.1/plugins/com.st.stm32cube.ide.mcu.externaltools.gnu-tools-for-stm32.9-2020-q2-update.linux64_1.5.0.202011040924/tools/bin/../lib/gcc/arm-none-eabi/9.3.1/../../../../arm-none-eabi/lib/thumb/v7e-m+fp/hard/crt0.o
LOAD Drivers/Src/stm32f407vg_gpio_driver.o
LOAD Drivers/Src/stm32f407vg_spi_driver.o
LOAD Src/SPI_SendData.o
LOAD Src/syscalls.o
LOAD Src/sysmem.o
LOAD Startup/startup_stm32f407vgtx.o
START GROUP
LOAD /opt/st/stm32cubeide_1.6.1/plugins/com.st.stm32cube.ide.mcu.externaltools.gnu-tools-for-stm32.9-2020-q2-update.linux64_1.5.0.202011040924/tools/bin/../lib/gcc/arm-none-eabi/9.3.1/../../../../arm-none-eabi/lib/thumb/v7e-m+fp/hard/libc_nano.a
LOAD /opt/st/stm32cubeide_1.6.1/plugins/com.st.stm32cube.ide.mcu.externaltools.gnu-tools-for-stm32.9-2020-q2-update.linux64_1.5.0.202011040924/tools/bin/../lib/gcc/arm-none-eabi/9.3.1/../../../../arm-none-eabi/lib/thumb/v7e-m+fp/hard/libm.a
END GROUP
START GROUP
LOAD /opt/st/stm32cubeide_1.6.1/plugins/com.st.stm32cube.ide.mcu.externaltools.gnu-tools-for-stm32.9-2020-q2-update.linux64_1.5.0.202011040924/tools/bin/../lib/gcc/arm-none-eabi/9.3.1/thumb/v7e-m+fp/hard/libgcc.a
LOAD /opt/st/stm32cubeide_1.6.1/plugins/com.st.stm32cube.ide.mcu.externaltools.gnu-tools-for-stm32.9-2020-q2-update.linux64_1.5.0.202011040924/tools/bin/../lib/gcc/arm-none-eabi/9.3.1/../../../../arm-none-eabi/lib/thumb/v7e-m+fp/hard/libc_nano.a
END GROUP
START GROUP
LOAD /opt/st/stm32cubeide_1.6.1/plugins/com.st.stm32cube.ide.mcu.externaltools.gnu-tools-for-stm32.9-2020-q2-update.linux64_1.5.0.202011040924/tools/bin/../lib/gcc/arm-none-eabi/9.3.1/thumb/v7e-m+fp/hard/libgcc.a
LOAD /opt/st/stm32cubeide_1.6.1/plugins/com.st.stm32cube.ide.mcu.externaltools.gnu-tools-for-stm32.9-2020-q2-update.linux64_1.5.0.202011040924/tools/bin/../lib/gcc/arm-none-eabi/9.3.1/../../../../arm-none-eabi/lib/thumb/v7e-m+fp/hard/libc_nano.a
LOAD /opt/st/stm32cubeide_1.6.1/plugins/com.st.stm32cube.ide.mcu.externaltools.gnu-tools-for-stm32.9-2020-q2-update.linux64_1.5.0.202011040924/tools/bin/../lib/gcc/arm-none-eabi/9.3.1/../../../../arm-none-eabi/lib/thumb/v7e-m+fp/hard/libnosys.a
END GROUP
START GROUP
LOAD /opt/st/stm32cubeide_1.6.1/plugins/com.st.stm32cube.ide.mcu.externaltools.gnu-tools-for-stm32.9-2020-q2-update.linux64_1.5.0.202011040924/tools/bin/../lib/gcc/arm-none-eabi/9.3.1/thumb/v7e-m+fp/hard/libgcc.a
LOAD /opt/st/stm32cubeide_1.6.1/plugins/com.st.stm32cube.ide.mcu.externaltools.gnu-tools-for-stm32.9-2020-q2-update.linux64_1.5.0.202011040924/tools/bin/../lib/gcc/arm-none-eabi/9.3.1/../../../../arm-none-eabi/lib/thumb/v7e-m+fp/hard/libc_nano.a
LOAD /opt/st/stm32cubeide_1.6.1/plugins/com.st.stm32cube.ide.mcu.externaltools.gnu-tools-for-stm32.9-2020-q2-update.linux64_1.5.0.202011040924/tools/bin/../lib/gcc/arm-none-eabi/9.3.1/../../../../arm-none-eabi/lib/thumb/v7e-m+fp/hard/libnosys.a
END GROUP
LOAD /opt/st/stm32cubeide_1.6.1/plugins/com.st.stm32cube.ide.mcu.externaltools.gnu-tools-for-stm32.9-2020-q2-update.linux64_1.5.0.202011040924/tools/bin/../lib/gcc/arm-none-eabi/9.3.1/thumb/v7e-m+fp/hard/crtend.o
LOAD /opt/st/stm32cubeide_1.6.1/plugins/com.st.stm32cube.ide.mcu.externaltools.gnu-tools-for-stm32.9-2020-q2-update.linux64_1.5.0.202011040924/tools/bin/../lib/gcc/arm-none-eabi/9.3.1/thumb/v7e-m+fp/hard/crtn.o
                0x0000000020020000                _estack = (ORIGIN (RAM) + LENGTH (RAM))
                0x0000000000000200                _Min_Heap_Size = 0x200
                0x0000000000000400                _Min_Stack_Size = 0x400

.isr_vector     0x0000000008000000      0x1a8
                0x0000000008000000                . = ALIGN (0x4)
 *(.isr_vector)
 .isr_vector    0x0000000008000000      0x1a8 Startup/startup_stm32f407vgtx.o
                0x0000000008000000                g_pfnVectors
                0x00000000080001a8                . = ALIGN (0x4)

.text           0x00000000080001a8      0x820
                0x00000000080001a8                . = ALIGN (0x4)
 *(.text)
 .text          0x00000000080001a8       0x40 /opt/st/stm32cubeide_1.6.1/plugins/com.st.stm32cube.ide.mcu.externaltools.gnu-tools-for-stm32.9-2020-q2-update.linux64_1.5.0.202011040924/tools/bin/../lib/gcc/arm-none-eabi/9.3.1/thumb/v7e-m+fp/hard/crtbegin.o
 .text          0x00000000080001e8       0x10 /opt/st/stm32cubeide_1.6.1/plugins/com.st.stm32cube.ide.mcu.externaltools.gnu-tools-for-stm32.9-2020-q2-update.linux64_1.5.0.202011040924/tools/bin/../lib/gcc/arm-none-eabi/9.3.1/../../../../arm-none-eabi/lib/thumb/v7e-m+fp/hard/libc_nano.a(lib_a-strlen.o)
                0x00000000080001e8                strlen
 *(.text*)
 .text.GPIO_Init
                0x00000000080001f8      0x384 Drivers/Src/stm32f407vg_gpio_driver.o
                0x00000000080001f8                GPIO_Init
 .text.SPI_PeriClockControl
                0x000000000800057c       0xb0 Drivers/Src/stm32f407vg_spi_driver.o
                0x000000000800057c                SPI_PeriClockControl
 .text.SPI_Init
                0x000000000800062c      0x15a Drivers/Src/stm32f407vg_spi_driver.o
                0x000000000800062c                SPI_Init
 .text.SPI_SendData
                0x0000000008000786       0x6a Drivers/Src/stm32f407vg_spi_driver.o
                0x0000000008000786                SPI_SendData
 .text.delay    0x00000000080007f0       0x2a Src/SPI_SendData.o
                0x00000000080007f0                delay
 *fill*         0x000000000800081a        0x2 
 .text.main     0x000000000800081c       0xf8 Src/SPI_SendData.o
                0x000000000800081c                main
 .text.Reset_Handler
                0x0000000008000914       0x50 Startup/startup_stm32f407vgtx.o
                0x0000000008000914                Reset_Handler
 .text.Default_Handler
                0x0000000008000964        0x2 Startup/startup_stm32f407vgtx.o
                0x0000000008000964                RTC_Alarm_IRQHandler
                0x0000000008000964                HASH_RNG_IRQHandler
                0x0000000008000964                EXTI2_IRQHandler
                0x0000000008000964                TIM8_CC_IRQHandler
                0x0000000008000964                DebugMon_Handler
                0x0000000008000964                TIM1_CC_IRQHandler
                0x0000000008000964                DMA2_Stream5_IRQHandler
                0x0000000008000964                HardFault_Handler
                0x0000000008000964                DMA1_Stream5_IRQHandler
                0x0000000008000964                SysTick_Handler
                0x0000000008000964                PVD_IRQHandler
                0x0000000008000964                SDIO_IRQHandler
                0x0000000008000964                TAMP_STAMP_IRQHandler
                0x0000000008000964                PendSV_Handler
                0x0000000008000964                NMI_Handler
                0x0000000008000964                CAN2_RX1_IRQHandler
                0x0000000008000964                EXTI3_IRQHandler
                0x0000000008000964                TIM8_TRG_COM_TIM14_IRQHandler
                0x0000000008000964                TIM1_UP_TIM10_IRQHandler
                0x0000000008000964                TIM8_UP_TIM13_IRQHandler
                0x0000000008000964                I2C3_ER_IRQHandler
                0x0000000008000964                LCD_TFT_IRQHandler
                0x0000000008000964                EXTI0_IRQHandler
                0x0000000008000964                I2C2_EV_IRQHandler
                0x0000000008000964                DMA1_Stream2_IRQHandler
                0x0000000008000964                CAN1_RX0_IRQHandler
                0x0000000008000964                FPU_IRQHandler
                0x0000000008000964                OTG_HS_WKUP_IRQHandler
                0x0000000008000964                UsageFault_Handler
                0x0000000008000964                CAN2_SCE_IRQHandler
                0x0000000008000964                DMA2_Stream2_IRQHandler
                0x0000000008000964                SPI1_IRQHandler
                0x0000000008000964                TIM6_DAC_IRQHandler
                0x0000000008000964                TIM1_BRK_TIM9_IRQHandler
                0x0000000008000964                DCMI_IRQHandler
                0x0000000008000964                CAN2_RX0_IRQHandler
                0x0000000008000964                DMA2_Stream3_IRQHandler
                0x0000000008000964                USART6_IRQHandler
                0x0000000008000964                USART3_IRQHandler
                0x0000000008000964                CRYP_IRQHandler
                0x0000000008000964                CAN1_RX1_IRQHandler
                0x0000000008000964                UART5_IRQHandler
                0x0000000008000964                DMA2_Stream0_IRQHandler
                0x0000000008000964                TIM4_IRQHandler
                0x0000000008000964                I2C1_EV_IRQHandler
                0x0000000008000964                DMA1_Stream6_IRQHandler
                0x0000000008000964                DMA1_Stream1_IRQHandler
                0x0000000008000964                UART4_IRQHandler
                0x0000000008000964                LCD_TFT_1_IRQHandler
                0x0000000008000964                TIM3_IRQHandler
                0x0000000008000964                RCC_IRQHandler
                0x0000000008000964                TIM8_BRK_TIM12_IRQHandler
                0x0000000008000964                Default_Handler
                0x0000000008000964                EXTI15_10_IRQHandler
                0x0000000008000964                ADC_IRQHandler
                0x0000000008000964                DMA1_Stream7_IRQHandler
                0x0000000008000964                TIM7_IRQHandler
                0x0000000008000964                CAN2_TX_IRQHandler
                0x0000000008000964                TIM5_IRQHandler
                0x0000000008000964                DMA2_Stream7_IRQHandler
                0x0000000008000964                I2C3_EV_IRQHandler
                0x0000000008000964                EXTI9_5_IRQHandler
                0x0000000008000964                RTC_WKUP_IRQHandler
                0x0000000008000964                ETH_WKUP_IRQHandler
                0x0000000008000964                SPI2_IRQHandler
                0x0000000008000964                OTG_HS_EP1_IN_IRQHandler
                0x0000000008000964                MemManage_Handler
                0x0000000008000964                DMA1_Stream0_IRQHandler
                0x0000000008000964                CAN1_TX_IRQHandler
                0x0000000008000964                SVC_Handler
                0x0000000008000964                EXTI4_IRQHandler
                0x0000000008000964                FSMC_IRQHandler
                0x0000000008000964                ETH_IRQHandler
                0x0000000008000964                OTG_HS_EP1_OUT_IRQHandler
                0x0000000008000964                WWDG_IRQHandler
                0x0000000008000964                TIM2_IRQHandler
                0x0000000008000964                OTG_FS_WKUP_IRQHandler
                0x0000000008000964                TIM1_TRG_COM_TIM11_IRQHandler
                0x0000000008000964                OTG_HS_IRQHandler
                0x0000000008000964                EXTI1_IRQHandler
                0x0000000008000964                USART2_IRQHandler
                0x0000000008000964                I2C2_ER_IRQHandler
                0x0000000008000964                DMA2_Stream1_IRQHandler
                0x0000000008000964                CAN1_SCE_IRQHandler
                0x0000000008000964                DMA2_Stream4_IRQHandler
                0x0000000008000964                BusFault_Handler
                0x0000000008000964                USART1_IRQHandler
                0x0000000008000964                OTG_FS_IRQHandler
                0x0000000008000964                SPI3_IRQHandler
                0x0000000008000964                DMA1_Stream4_IRQHandler
                0x0000000008000964                I2C1_ER_IRQHandler
                0x0000000008000964                DMA2_Stream6_IRQHandler
                0x0000000008000964                DMA1_Stream3_IRQHandler
 *fill*         0x0000000008000966        0x2 
 .text.__libc_init_array
                0x0000000008000968       0x48 /opt/st/stm32cubeide_1.6.1/plugins/com.st.stm32cube.ide.mcu.externaltools.gnu-tools-for-stm32.9-2020-q2-update.linux64_1.5.0.202011040924/tools/bin/../lib/gcc/arm-none-eabi/9.3.1/../../../../arm-none-eabi/lib/thumb/v7e-m+fp/hard/libc_nano.a(lib_a-init.o)
                0x0000000008000968                __libc_init_array
 *(.glue_7)
 .glue_7        0x00000000080009b0        0x0 linker stubs
 *(.glue_7t)
 .glue_7t       0x00000000080009b0        0x0 linker stubs
 *(.eh_frame)
 .eh_frame      0x00000000080009b0        0x0 /opt/st/stm32cubeide_1.6.1/plugins/com.st.stm32cube.ide.mcu.externaltools.gnu-tools-for-stm32.9-2020-q2-update.linux64_1.5.0.202011040924/tools/bin/../lib/gcc/arm-none-eabi/9.3.1/thumb/v7e-m+fp/hard/crtbegin.o
 *(.init)
 .init          0x00000000080009b0        0x4 /opt/st/stm32cubeide_1.6.1/plugins/com.st.stm32cube.ide.mcu.externaltools.gnu-tools-for-stm32.9-2020-q2-update.linux64_1.5.0.202011040924/tools/bin/../lib/gcc/arm-none-eabi/9.3.1/thumb/v7e-m+fp/hard/crti.o
                0x00000000080009b0                _init
 .init          0x00000000080009b4        0x8 /opt/st/stm32cubeide_1.6.1/plugins/com.st.stm32cube.ide.mcu.externaltools.gnu-tools-for-stm32.9-2020-q2-update.linux64_1.5.0.202011040924/tools/bin/../lib/gcc/arm-none-eabi/9.3.1/thumb/v7e-m+fp/hard/crtn.o
 *(.fini)
 .fini          0x00000000080009bc        0x4 /opt/st/stm32cubeide_1.6.1/plugins/com.st.stm32cube.ide.mcu.externaltools.gnu-tools-for-stm32.9-2020-q2-update.linux64_1.5.0.202011040924/tools/bin/../lib/gcc/arm-none-eabi/9.3.1/thumb/v7e-m+fp/hard/crti.o
                0x00000000080009bc                _fini
 .fini          0x00000000080009c0        0x8 /opt/st/stm32cubeide_1.6.1/plugins/com.st.stm32cube.ide.mcu.externaltools.gnu-tools-for-stm32.9-2020-q2-update.linux64_1.5.0.202011040924/tools/bin/../lib/gcc/arm-none-eabi/9.3.1/thumb/v7e-m+fp/hard/crtn.o
                0x00000000080009c8                . = ALIGN (0x4)
                0x00000000080009c8                _etext = .

.vfp11_veneer   0x00000000080009c8        0x0
 .vfp11_veneer  0x00000000080009c8        0x0 linker stubs

.v4_bx          0x00000000080009c8        0x0
 .v4_bx         0x00000000080009c8        0x0 linker stubs

.iplt           0x00000000080009c8        0x0
 .iplt          0x00000000080009c8        0x0 /opt/st/stm32cubeide_1.6.1/plugins/com.st.stm32cube.ide.mcu.externaltools.gnu-tools-for-stm32.9-2020-q2-update.linux64_1.5.0.202011040924/tools/bin/../lib/gcc/arm-none-eabi/9.3.1/thumb/v7e-m+fp/hard/crtbegin.o

.rodata         0x00000000080009c8        0xc
                0x00000000080009c8                . = ALIGN (0x4)
 *(.rodata)
 .rodata        0x00000000080009c8        0xc Src/SPI_SendData.o
 *(.rodata*)
                0x00000000080009d4                . = ALIGN (0x4)

.rel.dyn        0x00000000080009d4        0x0
 .rel.iplt      0x00000000080009d4        0x0 /opt/st/stm32cubeide_1.6.1/plugins/com.st.stm32cube.ide.mcu.externaltools.gnu-tools-for-stm32.9-2020-q2-update.linux64_1.5.0.202011040924/tools/bin/../lib/gcc/arm-none-eabi/9.3.1/thumb/v7e-m+fp/hard/crtbegin.o

.ARM.extab      0x00000000080009d4        0x0
                0x00000000080009d4                . = ALIGN (0x4)
 *(.ARM.extab* .gnu.linkonce.armextab.*)
                0x00000000080009d4                . = ALIGN (0x4)

.ARM            0x00000000080009d4        0x0
                0x00000000080009d4                . = ALIGN (0x4)
                0x00000000080009d4                __exidx_start = .
 *(.ARM.exidx*)
                0x00000000080009d4                __exidx_end = .
                0x00000000080009d4                . = ALIGN (0x4)

.preinit_array  0x00000000080009d4        0x0
                0x00000000080009d4                . = ALIGN (0x4)
                0x00000000080009d4                PROVIDE (__preinit_array_start = .)
 *(.preinit_array*)
                0x00000000080009d4                PROVIDE (__preinit_array_end = .)
                0x00000000080009d4                . = ALIGN (0x4)

.init_array     0x00000000080009d4        0x4
                0x00000000080009d4                . = ALIGN (0x4)
                0x00000000080009d4                PROVIDE (__init_array_start = .)
 *(SORT_BY_NAME(.init_array.*))
 *(.init_array*)
 .init_array    0x00000000080009d4        0x4 /opt/st/stm32cubeide_1.6.1/plugins/com.st.stm32cube.ide.mcu.externaltools.gnu-tools-for-stm32.9-2020-q2-update.linux64_1.5.0.202011040924/tools/bin/../lib/gcc/arm-none-eabi/9.3.1/thumb/v7e-m+fp/hard/crtbegin.o
                0x00000000080009d8                PROVIDE (__init_array_end = .)
                0x00000000080009d8                . = ALIGN (0x4)

.fini_array     0x00000000080009d8        0x4
                0x00000000080009d8                . = ALIGN (0x4)
                [!provide]                        PROVIDE (__fini_array_start = .)
 *(SORT_BY_NAME(.fini_array.*))
 *(.fini_array*)
 .fini_array    0x00000000080009d8        0x4 /opt/st/stm32cubeide_1.6.1/plugins/com.st.stm32cube.ide.mcu.externaltools.gnu-tools-for-stm32.9-2020-q2-update.linux64_1.5.0.202011040924/tools/bin/../lib/gcc/arm-none-eabi/9.3.1/thumb/v7e-m+fp/hard/crtbegin.o
                [!provide]                        PROVIDE (__fini_array_end = .)
                0x00000000080009dc                . = ALIGN (0x4)
                0x00000000080009dc                _sidata = LOADADDR (.data)

.data           0x0000000020000000        0x0 load address 0x00000000080009dc
                0x0000000020000000                . = ALIGN (0x4)
                0x0000000020000000                _sdata = .
 *(.data)
 *(.data*)
 *(.RamFunc)
 *(.RamFunc*)
                0x0000000020000000                . = ALIGN (0x4)
                0x0000000020000000                _edata = .

.igot.plt       0x0000000020000000        0x0 load address 0x00000000080009dc
 .igot.plt      0x0000000020000000        0x0 /opt/st/stm32cubeide_1.6.1/plugins/com.st.stm32cube.ide.mcu.externaltools.gnu-tools-for-stm32.9-2020-q2-update.linux64_1.5.0.202011040924/tools/bin/../lib/gcc/arm-none-eabi/9.3.1/thumb/v7e-m+fp/hard/crtbegin.o
                0x0000000020000000                . = ALIGN (0x4)

.bss            0x0000000020000000       0x1c load address 0x00000000080009dc
                0x0000000020000000                _sbss = .
                0x0000000020000000                __bss_start__ = _sbss
 *(.bss)
 .bss           0x0000000020000000       0x1c /opt/st/stm32cubeide_1.6.1/plugins/com.st.stm32cube.ide.mcu.externaltools.gnu-tools-for-stm32.9-2020-q2-update.linux64_1.5.0.202011040924/tools/bin/../lib/gcc/arm-none-eabi/9.3.1/thumb/v7e-m+fp/hard/crtbegin.o
 *(.bss*)
 *(COMMON)
                0x000000002000001c                . = ALIGN (0x4)
                0x000000002000001c                _ebss = .
                0x000000002000001c                __bss_end__ = _ebss

._user_heap_stack
                0x000000002000001c      0x604 load address 0x00000000080009dc
                0x0000000020000020                . = ALIGN (0x8)
 *fill*         0x000000002000001c        0x4 
                [!provide]                        PROVIDE (end = .)
                0x0000000020000020                PROVIDE (_end = .)
                0x0000000020000220                . = (. + _Min_Heap_Size)
 *fill*         0x0000000020000020      0x200 
                0x0000000020000620                . = (. + _Min_Stack_Size)
 *fill*         0x0000000020000220      0x400 
                0x0000000020000620                . = ALIGN (0x8)

/DISCARD/
 libc.a(*)
 libm.a(*)
 libgcc.a(*)

.ARM.attributes
                0x0000000000000000       0x30
 *(.ARM.attributes)
 .ARM.attributes
                0x0000000000000000       0x1e /opt/st/stm32cubeide_1.6.1/plugins/com.st.stm32cube.ide.mcu.externaltools.gnu-tools-for-stm32.9-2020-q2-update.linux64_1.5.0.202011040924/tools/bin/../lib/gcc/arm-none-eabi/9.3.1/thumb/v7e-m+fp/hard/crti.o
 .ARM.attributes
                0x000000000000001e       0x34 /opt/st/stm32cubeide_1.6.1/plugins/com.st.stm32cube.ide.mcu.externaltools.gnu-tools-for-stm32.9-2020-q2-update.linux64_1.5.0.202011040924/tools/bin/../lib/gcc/arm-none-eabi/9.3.1/thumb/v7e-m+fp/hard/crtbegin.o
 .ARM.attributes
                0x0000000000000052       0x34 Drivers/Src/stm32f407vg_gpio_driver.o
 .ARM.attributes
                0x0000000000000086       0x34 Drivers/Src/stm32f407vg_spi_driver.o
 .ARM.attributes
                0x00000000000000ba       0x34 Src/SPI_SendData.o
 .ARM.attributes
                0x00000000000000ee       0x21 Startup/startup_stm32f407vgtx.o
 .ARM.attributes
                0x000000000000010f       0x34 /opt/st/stm32cubeide_1.6.1/plugins/com.st.stm32cube.ide.mcu.externaltools.gnu-tools-for-stm32.9-2020-q2-update.linux64_1.5.0.202011040924/tools/bin/../lib/gcc/arm-none-eabi/9.3.1/../../../../arm-none-eabi/lib/thumb/v7e-m+fp/hard/libc_nano.a(lib_a-init.o)
 .ARM.attributes
                0x0000000000000143       0x17 /opt/st/stm32cubeide_1.6.1/plugins/com.st.stm32cube.ide.mcu.externaltools.gnu-tools-for-stm32.9-2020-q2-update.linux64_1.5.0.202011040924/tools/bin/../lib/gcc/arm-none-eabi/9.3.1/../../../../arm-none-eabi/lib/thumb/v7e-m+fp/hard/libc_nano.a(lib_a-strlen.o)
 .ARM.attributes
                0x000000000000015a       0x1e /opt/st/stm32cubeide_1.6.1/plugins/com.st.stm32cube.ide.mcu.externaltools.gnu-tools-for-stm32.9-2020-q2-update.linux64_1.5.0.202011040924/tools/bin/../lib/gcc/arm-none-eabi/9.3.1/thumb/v7e-m+fp/hard/crtn.o
OUTPUT(STM32F407VG_Driver_Development.elf elf32-littlearm)
LOAD linker stubs
LOAD /opt/st/stm32cubeide_1.6.1/plugins/com.st.stm32cube.ide.mcu.externaltools.gnu-tools-for-stm32.9-2020-q2-update.linux64_1.5.0.202011040924/tools/bin/../lib/gcc/arm-none-eabi/9.3.1/../../../../arm-none-eabi/lib/thumb/v7e-m+fp/hard/libc.a
LOAD /opt/st/stm32cubeide_1.6.1/plugins/com.st.stm32cube.ide.mcu.externaltools.gnu-tools-for-stm32.9-2020-q2-update.linux64_1.5.0.202011040924/tools/bin/../lib/gcc/arm-none-eabi/9.3.1/../../../../arm-none-eabi/lib/thumb/v7e-m+fp/hard/libm.a
LOAD /opt/st/stm32cubeide_1.6.1/plugins/com.st.stm32cube.ide.mcu.externaltools.gnu-tools-for-stm32.9-2020-q2-update.linux64_1.5.0.202011040924/tools/bin/../lib/gcc/arm-none-eabi/9.3.1/thumb/v7e-m+fp/hard/libgcc.a

.debug_info     0x0000000000000000     0x1b10
 .debug_info    0x0000000000000000      0x723 Drivers/Src/stm32f407vg_gpio_driver.o
 .debug_info    0x0000000000000723      0x745 Drivers/Src/stm32f407vg_spi_driver.o
 .debug_info    0x0000000000000e68      0xc86 Src/SPI_SendData.o
 .debug_info    0x0000000000001aee       0x22 Startup/startup_stm32f407vgtx.o

.debug_abbrev   0x0000000000000000      0x48a
 .debug_abbrev  0x0000000000000000      0x11f Drivers/Src/stm32f407vg_gpio_driver.o
 .debug_abbrev  0x000000000000011f      0x18a Drivers/Src/stm32f407vg_spi_driver.o
 .debug_abbrev  0x00000000000002a9      0x1cf Src/SPI_SendData.o
 .debug_abbrev  0x0000000000000478       0x12 Startup/startup_stm32f407vgtx.o

.debug_aranges  0x0000000000000000      0x138
 .debug_aranges
                0x0000000000000000       0x68 Drivers/Src/stm32f407vg_gpio_driver.o
 .debug_aranges
                0x0000000000000068       0x80 Drivers/Src/stm32f407vg_spi_driver.o
 .debug_aranges
                0x00000000000000e8       0x28 Src/SPI_SendData.o
 .debug_aranges
                0x0000000000000110       0x28 Startup/startup_stm32f407vgtx.o

.debug_ranges   0x0000000000000000      0x100
 .debug_ranges  0x0000000000000000       0x58 Drivers/Src/stm32f407vg_gpio_driver.o
 .debug_ranges  0x0000000000000058       0x70 Drivers/Src/stm32f407vg_spi_driver.o
 .debug_ranges  0x00000000000000c8       0x18 Src/SPI_SendData.o
 .debug_ranges  0x00000000000000e0       0x20 Startup/startup_stm32f407vgtx.o

.debug_macro    0x0000000000000000     0x20d7
 .debug_macro   0x0000000000000000       0xa3 Drivers/Src/stm32f407vg_gpio_driver.o
 .debug_macro   0x00000000000000a3      0xab4 Drivers/Src/stm32f407vg_gpio_driver.o
 .debug_macro   0x0000000000000b57       0x22 Drivers/Src/stm32f407vg_gpio_driver.o
 .debug_macro   0x0000000000000b79       0x8e Drivers/Src/stm32f407vg_gpio_driver.o
 .debug_macro   0x0000000000000c07       0x51 Drivers/Src/stm32f407vg_gpio_driver.o
 .debug_macro   0x0000000000000c58      0x103 Drivers/Src/stm32f407vg_gpio_driver.o
 .debug_macro   0x0000000000000d5b       0x6a Drivers/Src/stm32f407vg_gpio_driver.o
 .debug_macro   0x0000000000000dc5      0x1df Drivers/Src/stm32f407vg_gpio_driver.o
 .debug_macro   0x0000000000000fa4      0x174 Drivers/Src/stm32f407vg_gpio_driver.o
 .debug_macro   0x0000000000001118      0x47b Drivers/Src/stm32f407vg_gpio_driver.o
 .debug_macro   0x0000000000001593       0xa6 Drivers/Src/stm32f407vg_gpio_driver.o
 .debug_macro   0x0000000000001639       0xc4 Drivers/Src/stm32f407vg_gpio_driver.o
 .debug_macro   0x00000000000016fd       0xa3 Drivers/Src/stm32f407vg_spi_driver.o
 .debug_macro   0x00000000000017a0      0x167 Src/SPI_SendData.o
 .debug_macro   0x0000000000001907       0xac Src/SPI_SendData.o
 .debug_macro   0x00000000000019b3       0x52 Src/SPI_SendData.o
 .debug_macro   0x0000000000001a05       0x18 Src/SPI_SendData.o
 .debug_macro   0x0000000000001a1d       0x3c Src/SPI_SendData.o
 .debug_macro   0x0000000000001a59       0x34 Src/SPI_SendData.o
 .debug_macro   0x0000000000001a8d       0x16 Src/SPI_SendData.o
 .debug_macro   0x0000000000001aa3       0x43 Src/SPI_SendData.o
 .debug_macro   0x0000000000001ae6       0x34 Src/SPI_SendData.o
 .debug_macro   0x0000000000001b1a       0x10 Src/SPI_SendData.o
 .debug_macro   0x0000000000001b2a       0x58 Src/SPI_SendData.o
 .debug_macro   0x0000000000001b82       0x71 Src/SPI_SendData.o
 .debug_macro   0x0000000000001bf3       0x1c Src/SPI_SendData.o
 .debug_macro   0x0000000000001c0f      0x12a Src/SPI_SendData.o
 .debug_macro   0x0000000000001d39      0x339 Src/SPI_SendData.o
 .debug_macro   0x0000000000002072       0x10 Src/SPI_SendData.o
 .debug_macro   0x0000000000002082       0x35 Src/SPI_SendData.o
 .debug_macro   0x00000000000020b7       0x20 Src/SPI_SendData.o

.debug_line     0x0000000000000000     0x185f
 .debug_line    0x0000000000000000      0x8cd Drivers/Src/stm32f407vg_gpio_driver.o
 .debug_line    0x00000000000008cd      0x8f7 Drivers/Src/stm32f407vg_spi_driver.o
 .debug_line    0x00000000000011c4      0x617 Src/SPI_SendData.o
 .debug_line    0x00000000000017db       0x84 Startup/startup_stm32f407vgtx.o

.debug_str      0x0000000000000000     0x9015
 .debug_str     0x0000000000000000     0x5bff Drivers/Src/stm32f407vg_gpio_driver.o
                                       0x5e09 (size before relaxing)
 .debug_str     0x0000000000005bff      0x1e3 Drivers/Src/stm32f407vg_spi_driver.o
                                       0x5dd6 (size before relaxing)
 .debug_str     0x0000000000005de2     0x3202 Src/SPI_SendData.o
                                       0x8e96 (size before relaxing)
 .debug_str     0x0000000000008fe4       0x31 Startup/startup_stm32f407vgtx.o
                                         0x85 (size before relaxing)

.comment        0x0000000000000000       0x53
 .comment       0x0000000000000000       0x53 Drivers/Src/stm32f407vg_gpio_driver.o
                                         0x54 (size before relaxing)
 .comment       0x0000000000000053       0x54 Drivers/Src/stm32f407vg_spi_driver.o
 .comment       0x0000000000000053       0x54 Src/SPI_SendData.o

.debug_frame    0x0000000000000000      0x428
 .debug_frame   0x0000000000000000      0x1a0 Drivers/Src/stm32f407vg_gpio_driver.o
 .debug_frame   0x00000000000001a0      0x204 Drivers/Src/stm32f407vg_spi_driver.o
 .debug_frame   0x00000000000003a4       0x58 Src/SPI_SendData.o
 .debug_frame   0x00000000000003fc       0x2c /opt/st/stm32cubeide_1.6.1/plugins/com.st.stm32cube.ide.mcu.externaltools.gnu-tools-for-stm32.9-2020-q2-update.linux64_1.5.0.202011040924/tools/bin/../lib/gcc/arm-none-eabi/9.3.1/../../../../arm-none-eabi/lib/thumb/v7e-m+fp/hard/libc_nano.a(lib_a-init.o)
